<a data-navigate-ignore="true" class="text-blue-500 hover:underline hover:text-blue-700 cursor-pointer" target="_blank" href="https://pinkary.com/@nunomaduro">pinkary.com/@nunomaduro</a>