Sure, here is the link: <a data-navigate-ignore="true" class="text-blue-500 hover:underline hover:text-blue-700 cursor-pointer" target="_blank" href="https://laravel.com">laravel.com</a> <div
    id="link-preview-card"
    data-url="https://laravel.com"
    class="mx-auto mt-2 min-w-full group/preview" data-navigate-ignore="true"
>
        <a href="https://laravel.com" target="_blank" rel="noopener noreferrer">
        <div
            title="Click to visit: laravel.com"
            class="relative w-full bg-slate-100/90 border border-slate-300
            dark:border-0 rounded-lg dark:group-hover/preview:border-0 overflow-hidden">
                    <img
                        src="https://laravel.com/img/og-image.jpg"
                        alt="Laravel - The PHP Framework For Web Artisans"
                        class="object-cover object-center w-full h-56"
                    />
                <div
                    class="absolute right-0 bottom-0 left-0 w-full rounded-b-lg border-0 bg-pink-100 bg-opacity-75 p-2 backdrop-blur-sm backdrop-filter dark:bg-opacity-45 dark:bg-pink-800">
                    <h3 class="text-sm font-semibold truncate text-slate-500/90 dark:text-white/90
                    ">
                        Laravel - The PHP Framework For Web Artisans</h3>
                </div>
            </div>
        </a>
        <div class="flex items-center justify-between pt-4">
            <a href="https://laravel.com" target="_blank" rel="noopener noreferrer"
               class="text-xs text-slate-500 group-hover/preview:text-pink-600">From: laravel.com</a>
        </div>
</div>. Let me know if you have any questions.