<pre><code class="p-4 rounded-lg hljs php text-xs" style="background-color: #23262E"><span class="hljs-keyword">echo</span> <span class="hljs-string">"Hello, World!"</span>;</code></pre>