<img class='object-cover mx-auto max-h-[52rem] w-full max-w-[26rem] rounded-lg' src="/storage/images/pathtoimage.png" alt="image">