<a href="/@w31r4_" data-navigate-ignore="true" class="text-blue-500 hover:underline hover:text-blue-700 cursor-pointer" wire-navigate>@w31r4_</a>